<?xml version="1.0" encoding="utf-8"?><testsuites name="pytest tests"><testsuite name="pytest" errors="0" failures="0" skipped="0" tests="735" time="366.220" timestamp="2026-03-03T18:53:46.981796+07:00" hostname="RIZKI9"><testcase classname="tests.test_analytics.TestBarHelper" name="test_full_bar" time="0.003" /><testcase classname="tests.test_analytics.TestBarHelper" name="test_half_bar" time="0.001" /><testcase classname="tests.test_analytics.TestBarHelper" name="test_zero_value" time="0.001" /><testcase classname="tests.test_analytics.TestBarHelper" name="test_zero_max" time="0.001" /><testcase classname="tests.test_analytics.TestBarHelper" name="test_proportional" time="0.001" /><testcase classname="tests.test_analytics.TestLabels" name="test_week_label_format" time="0.001" /><testcase classname="tests.test_analytics.TestLabels" name="test_month_label_format" time="0.001" /><testcase classname="tests.test_analytics.TestGetSummary" name="test_summary_has_required_keys" time="0.002" /><testcase classname="tests.test_analytics.TestGetSummary" name="test_success_rate_calculation" time="0.002" /><testcase classname="tests.test_analytics.TestGetSummary" name="test_perfect_success_rate" time="0.001" /><testcase classname="tests.test_analytics.TestGetSummary" name="test_zero_total_no_division_error" time="0.002" /><testcase classname="tests.test_analytics.TestGetSummary" name="test_avg_quality_from_aggregate" time="0.002" /><testcase classname="tests.test_analytics.TestGetSummary" name="test_graceful_on_db_error" time="0.003" /><testcase classname="tests.test_analytics.TestGetWeeklyCounts" name="test_returns_n_weeks" time="0.002" /><testcase classname="tests.test_analytics.TestGetWeeklyCounts" name="test_keys_are_iso_week_format" time="0.001" /><testcase classname="tests.test_analytics.TestGetWeeklyCounts" name="test_counts_docs_in_correct_week" time="0.001" /><testcase classname="tests.test_analytics.TestGetWeeklyCounts" name="test_graceful_on_error" time="0.002" /><testcase classname="tests.test_analytics.TestGetMonthlyCounts" name="test_returns_n_months" time="0.001" /><testcase classname="tests.test_analytics.TestGetMonthlyCounts" name="test_keys_are_month_format" time="0.001" /><testcase classname="tests.test_analytics.TestGetMonthlyCounts" name="test_merges_aggregation_data" time="0.002" /><testcase classname="tests.test_analytics.TestGetLanguageDistribution" name="test_sorted_descending" time="0.001" /><testcase classname="tests.test_analytics.TestGetLanguageDistribution" name="test_returns_language_keys" time="0.001" /><testcase classname="tests.test_analytics.TestGetContentTypeDistribution" name="test_returns_type_keys" time="0.001" /><testcase classname="tests.test_analytics.TestGetContentTypeDistribution" name="test_sorted_descending" time="0.001" /><testcase classname="tests.test_analytics.TestGetLatencyTrend" name="test_averages_correctly" time="0.001" /><testcase classname="tests.test_analytics.TestGetLatencyTrend" name="test_missing_fields_excluded" time="0.002" /><testcase classname="tests.test_analytics.TestGetLatencyTrend" name="test_empty_returns_empty" time="0.002" /><testcase classname="tests.test_analytics.TestGetQueueStatus" name="test_delegates_to_scheduler" time="0.001" /><testcase classname="tests.test_analytics.TestGetQueueStatus" name="test_graceful_on_error" time="0.001" /><testcase classname="tests.test_analytics.TestGenerateReport" name="test_returns_string" time="0.003" /><testcase classname="tests.test_analytics.TestGenerateReport" name="test_contains_all_sections" time="0.003" /><testcase classname="tests.test_analytics.TestGenerateReport" name="test_contains_success_rate" time="0.002" /><testcase classname="tests.test_analytics.TestGenerateReport" name="test_contains_language_names" time="0.002" /><testcase classname="tests.test_analytics.TestSaveReport" name="test_creates_file" time="0.023" /><testcase classname="tests.test_analytics.TestSaveReport" name="test_filename_has_date" time="0.004" /><testcase classname="tests.test_analytics.TestAnalyticsPipeline" name="test_prints_report_and_returns_0" time="0.001" /><testcase classname="tests.test_analytics.TestAnalyticsPipeline" name="test_save_flag_calls_save_report" time="0.004" /><testcase classname="tests.test_analytics.TestAnalyticsPipeline" name="test_returns_1_on_error" time="0.005" /><testcase classname="tests.test_code_runner.TestPythonAstSafety" name="test_safe_print" time="0.001" /><testcase classname="tests.test_code_runner.TestPythonAstSafety" name="test_safe_math" time="0.001" /><testcase classname="tests.test_code_runner.TestPythonAstSafety" name="test_safe_list_comprehension" time="0.001" /><testcase classname="tests.test_code_runner.TestPythonAstSafety" name="test_safe_function_definition" time="0.001" /><testcase classname="tests.test_code_runner.TestPythonAstSafety" name="test_safe_class_definition" time="0.001" /><testcase classname="tests.test_code_runner.TestPythonAstSafety" name="test_safe_stdlib_import_math" time="0.001" /><testcase classname="tests.test_code_runner.TestPythonAstSafety" name="test_safe_stdlib_import_collections" time="0.001" /><testcase classname="tests.test_code_runner.TestPythonAstSafety" name="test_safe_dataclass" time="0.001" /><testcase classname="tests.test_code_runner.TestPythonAstSafety" name="test_block_import_os" time="0.001" /><testcase classname="tests.test_code_runner.TestPythonAstSafety" name="test_block_import_subprocess" time="0.001" /><testcase classname="tests.test_code_runner.TestPythonAstSafety" name="test_block_from_os_import" time="0.001" /><testcase classname="tests.test_code_runner.TestPythonAstSafety" name="test_block_from_pathlib" time="0.001" /><testcase classname="tests.test_code_runner.TestPythonAstSafety" name="test_block_import_socket" time="0.001" /><testcase classname="tests.test_code_runner.TestPythonAstSafety" name="test_block_import_sys" time="0.001" /><testcase classname="tests.test_code_runner.TestPythonAstSafety" name="test_block_eval" time="0.001" /><testcase classname="tests.test_code_runner.TestPythonAstSafety" name="test_block_exec" time="0.001" /><testcase classname="tests.test_code_runner.TestPythonAstSafety" name="test_block_open" time="0.001" /><testcase classname="tests.test_code_runner.TestPythonAstSafety" name="test_block_dunder_import" time="0.001" /><testcase classname="tests.test_code_runner.TestPythonAstSafety" name="test_block_dunder_subclasses" time="0.001" /><testcase classname="tests.test_code_runner.TestPythonAstSafety" name="test_block_dunder_globals" time="0.001" /><testcase classname="tests.test_code_runner.TestPythonAstSafety" name="test_block_nested_import_attempt" time="0.001" /><testcase classname="tests.test_code_runner.TestPythonAstSafety" name="test_block_importlib" time="0.001" /><testcase classname="tests.test_code_runner.TestPythonAstSafety" name="test_block_syntax_error" time="0.001" /><testcase classname="tests.test_code_runner.TestJsSafety" name="test_safe_console_log" time="0.001" /><testcase classname="tests.test_code_runner.TestJsSafety" name="test_safe_arrow_function" time="0.001" /><testcase classname="tests.test_code_runner.TestJsSafety" name="test_block_require" time="0.001" /><testcase classname="tests.test_code_runner.TestJsSafety" name="test_block_dynamic_import" time="0.001" /><testcase classname="tests.test_code_runner.TestJsSafety" name="test_block_process_env" time="0.001" /><testcase classname="tests.test_code_runner.TestJsSafety" name="test_block_child_process" time="0.001" /><testcase classname="tests.test_code_runner.TestJsSafety" name="test_block_eval" time="0.001" /><testcase classname="tests.test_code_runner.TestJsSafety" name="test_block_fs_module" time="0.000" /><testcase classname="tests.test_code_runner.TestJsSafety" name="test_block_deno" time="0.000" /><testcase classname="tests.test_code_runner.TestBashSafety" name="test_safe_echo" time="0.000" /><testcase classname="tests.test_code_runner.TestBashSafety" name="test_safe_pipeline" time="0.001" /><testcase classname="tests.test_code_runner.TestBashSafety" name="test_safe_seq" time="0.001" /><testcase classname="tests.test_code_runner.TestBashSafety" name="test_safe_comment_ignored" time="0.001" /><testcase classname="tests.test_code_runner.TestBashSafety" name="test_safe_variable_assignment" time="0.001" /><testcase classname="tests.test_code_runner.TestBashSafety" name="test_block_curl" time="0.001" /><testcase classname="tests.test_code_runner.TestBashSafety" name="test_block_rm" time="0.000" /><testcase classname="tests.test_code_runner.TestBashSafety" name="test_block_wget" time="0.000" /><testcase classname="tests.test_code_runner.TestBashSafety" name="test_block_cat" time="0.000" /><testcase classname="tests.test_code_runner.TestBashSafety" name="test_block_python_in_bash" time="0.001" /><testcase classname="tests.test_code_runner.TestIsSafeCode" name="test_dispatches_python" time="0.001" /><testcase classname="tests.test_code_runner.TestIsSafeCode" name="test_dispatches_javascript" time="0.001" /><testcase classname="tests.test_code_runner.TestIsSafeCode" name="test_dispatches_bash" time="0.001" /><testcase classname="tests.test_code_runner.TestIsSafeCode" name="test_unsupported_language_returns_false" time="0.001" /><testcase classname="tests.test_code_runner.TestGetOutputForContent" name="test_tip_returns_none" time="0.001" /><testcase classname="tests.test_code_runner.TestGetOutputForContent" name="test_output_demo_prefers_expected" time="0.001" /><testcase classname="tests.test_code_runner.TestGetOutputForContent" name="test_quiz_returns_quiz_answer" time="0.001" /><testcase classname="tests.test_code_runner.TestGetOutputForContent" name="test_before_after_returns_none" time="0.001" /><testcase classname="tests.test_code_runner.TestGetOutputForContent" name="test_output_demo_empty_expected_no_exec" time="0.248" /><testcase classname="tests.test_code_runner.TestTruncate" name="test_short_string_unchanged" time="0.001" /><testcase classname="tests.test_code_runner.TestTruncate" name="test_long_string_truncated" time="0.001" /><testcase classname="tests.test_code_runner.TestTruncate" name="test_strips_whitespace" time="0.001" /><testcase classname="tests.test_code_runner.TestTruncate" name="test_empty_string" time="0.001" /><testcase classname="tests.test_llm.TestRepairJson" name="test_valid_json_passthrough" time="0.001" /><testcase classname="tests.test_llm.TestRepairJson" name="test_markdown_code_fence_stripped" time="0.001" /><testcase classname="tests.test_llm.TestRepairJson" name="test_unescaped_newlines_in_strings" time="0.001" /><testcase classname="tests.test_llm.TestRepairJson" name="test_truncated_json_missing_braces" time="0.001" /><testcase classname="tests.test_llm.TestRepairJson" name="test_truncated_json_missing_bracket_and_brace" time="0.001" /><testcase classname="tests.test_llm.TestRepairJson" name="test_unescaped_tabs_in_code" time="0.001" /><testcase classname="tests.test_llm.TestRepairJson" name="test_regex_fallback_extraction" time="0.001" /><testcase classname="tests.test_llm.TestRepairJson" name="test_completely_invalid_raises" time="0.001" /><testcase classname="tests.test_llm.TestRepairJson" name="test_empty_string_raises" time="0.001" /><testcase classname="tests.test_llm.TestValidateContent" name="test_valid_content_passes" time="0.001" /><testcase classname="tests.test_llm.TestValidateContent" name="test_missing_title_raises" time="0.001" /><testcase classname="tests.test_llm.TestValidateContent" name="test_missing_code_raises" time="0.001" /><testcase classname="tests.test_llm.TestValidateContent" name="test_empty_code_raises" time="0.001" /><testcase classname="tests.test_llm.TestValidateContent" name="test_script_too_short_raises" time="0.001" /><testcase classname="tests.test_llm.TestValidateContent" name="test_too_few_hashtags_raises" time="0.001" /><testcase classname="tests.test_llm.TestValidateContent" name="test_shorts_appended_if_missing" time="0.001" /><testcase classname="tests.test_llm.TestValidateContent" name="test_language_normalized_lowercase" time="0.001" /><testcase classname="tests.test_llm.TestValidateContent" name="test_unknown_content_type_defaults_to_tip" time="0.001" /><testcase classname="tests.test_llm.TestValidateContent" name="test_output_demo_gets_expected_output_default" time="0.001" /><testcase classname="tests.test_llm.TestValidateContent" name="test_quiz_gets_quiz_answer_default" time="0.001" /><testcase classname="tests.test_llm.TestValidateContent" name="test_before_after_gets_code_before_default" time="0.001" /><testcase classname="tests.test_main.TestCredentialFilter" name="test_mongodb_uri_redacted" time="0.001" /><testcase classname="tests.test_main.TestCredentialFilter" name="test_gemini_api_key_redacted" time="0.001" /><testcase classname="tests.test_main.TestCredentialFilter" name="test_oauth_token_redacted" time="0.001" /><testcase classname="tests.test_main.TestCredentialFilter" name="test_refresh_token_redacted" time="0.001" /><testcase classname="tests.test_main.TestCredentialFilter" name="test_normal_message_unchanged" time="0.001" /><testcase classname="tests.test_main.TestCredentialFilter" name="test_args_set_to_none" time="0.001" /><testcase classname="tests.test_main.TestCredentialFilter" name="test_filter_returns_true" time="0.001" /><testcase classname="tests.test_main.TestCredentialFilter" name="test_multiple_secrets_in_one_line" time="0.001" /><testcase classname="tests.test_main.TestContentSafety" name="test_safe_content_passes" time="0.001" /><testcase classname="tests.test_main.TestContentSafety" name="test_blocked_violence_keyword" time="0.001" /><testcase classname="tests.test_main.TestContentSafety" name="test_kill_process_is_NOT_blocked" time="0.001" /><testcase classname="tests.test_main.TestContentSafety" name="test_blocked_hate_speech" time="0.001" /><testcase classname="tests.test_main.TestContentSafety" name="test_blocked_explicit" time="0.001" /><testcase classname="tests.test_main.TestContentSafety" name="test_blocked_hacking" time="0.001" /><testcase classname="tests.test_main.TestContentSafety" name="test_blocked_keyword_in_code" time="0.001" /><testcase classname="tests.test_main.TestContentSafety" name="test_blocked_keyword_in_expected_output" time="0.001" /><testcase classname="tests.test_main.TestContentSafety" name="test_safe_with_missing_optional_fields" time="0.001" /><testcase classname="tests.test_main.TestContentSafety" name="test_case_insensitive" time="0.001" /><testcase classname="tests.test_main.TestJsonFormatter" name="test_output_is_valid_json" time="0.001" /><testcase classname="tests.test_main.TestJsonFormatter" name="test_required_fields" time="0.001" /><testcase classname="tests.test_main.TestJsonFormatter" name="test_level_matches_record" time="0.001" /><testcase classname="tests.test_main.TestJsonFormatter" name="test_module_matches_logger_name" time="0.001" /><testcase classname="tests.test_main.TestJsonFormatter" name="test_message_preserved" time="0.001" /><testcase classname="tests.test_main.TestHealthCheck" name="test_returns_int" time="0.027" /><testcase classname="tests.test_main.TestHealthCheck" name="test_unhealthy_when_no_creds" time="0.001" /><testcase classname="tests.test_phase3.TestQualityScoring" name="test_perfect_content_passes" time="0.001" /><testcase classname="tests.test_phase3.TestQualityScoring" name="test_total_score_range" time="0.001" /><testcase classname="tests.test_phase3.TestQualityScoring" name="test_breakdown_has_all_dimensions" time="0.001" /><testcase classname="tests.test_phase3.TestQualityScoring" name="test_short_script_penalized" time="0.001" /><testcase classname="tests.test_phase3.TestQualityScoring" name="test_long_script_penalized" time="0.001" /><testcase classname="tests.test_phase3.TestQualityScoring" name="test_too_few_code_lines_penalized" time="0.001" /><testcase classname="tests.test_phase3.TestQualityScoring" name="test_too_few_hashtags_penalized" time="0.001" /><testcase classname="tests.test_phase3.TestQualityScoring" name="test_diversity_penalty_same_type" time="0.001" /><testcase classname="tests.test_phase3.TestQualityScoring" name="test_diversity_bonus_unique_type" time="0.001" /><testcase classname="tests.test_phase3.TestQualityScoring" name="test_placeholder_code_penalized" time="0.001" /><testcase classname="tests.test_phase3.TestRangeScore" name="test_in_range_gets_max" time="0.001" /><testcase classname="tests.test_phase3.TestRangeScore" name="test_below_range_scaled" time="0.001" /><testcase classname="tests.test_phase3.TestRangeScore" name="test_zero_gets_zero" time="0.001" /><testcase classname="tests.test_phase3.TestRangeScore" name="test_above_range_penalized" time="0.001" /><testcase classname="tests.test_phase3.TestVideoVerification" name="test_nonexistent_file_fails" time="0.002" /><testcase classname="tests.test_phase3.TestVideoVerification" name="test_empty_file_fails" time="0.019" /><testcase classname="tests.test_phase3.TestVideoVerification" name="test_tiny_file_fails" time="0.016" /><testcase classname="tests.test_phase3.TestVideoVerification" name="test_valid_size_passes_size_check" time="0.014" /><testcase classname="tests.test_phase3.TestVideoVerification" name="test_oversized_file_fails" time="0.214" /><testcase classname="tests.test_phase3.TestContentDeduplication" name="test_normalize_strips_comments" time="0.001" /><testcase classname="tests.test_phase3.TestContentDeduplication" name="test_normalize_collapses_whitespace" time="0.001" /><testcase classname="tests.test_phase3.TestContentDeduplication" name="test_normalize_lowercases" time="0.001" /><testcase classname="tests.test_phase3.TestContentDeduplication" name="test_normalize_strips_multiline_comments" time="0.001" /><testcase classname="tests.test_phase3.TestContentDeduplication" name="test_normalize_js_comments" time="0.001" /><testcase classname="tests.test_phase3.TestDynamicFontScaling" name="test_short_code_keeps_default_size" time="0.001" /><testcase classname="tests.test_phase3.TestDynamicFontScaling" name="test_many_lines_shrinks_font" time="0.001" /><testcase classname="tests.test_phase3.TestDynamicFontScaling" name="test_long_lines_shrinks_font" time="0.001" /><testcase classname="tests.test_phase3.TestDynamicFontScaling" name="test_minimum_font_size_enforced" time="0.001" /><testcase classname="tests.test_phase3.TestDynamicFontScaling" name="test_maximum_font_size_enforced" time="0.001" /><testcase classname="tests.test_phase3.TestDynamicFontScaling" name="test_empty_code_returns_base" time="0.001" /><testcase classname="tests.test_phase3.TestDynamicFontScaling" name="test_exactly_12_lines_keeps_default" time="0.001" /><testcase classname="tests.test_phase3.TestRateLimiter" name="test_initial_state" time="0.001" /><testcase classname="tests.test_phase3.TestRateLimiter" name="test_pre_gemini_no_delay_initially" time="0.001" /><testcase classname="tests.test_phase3.TestRateLimiter" name="test_record_gemini_increments" time="0.001" /><testcase classname="tests.test_phase3.TestRateLimiter" name="test_youtube_quota_initial" time="0.001" /><testcase classname="tests.test_phase3.TestRateLimiter" name="test_youtube_quota_after_upload" time="0.001" /><testcase classname="tests.test_phase3.TestRateLimiter" name="test_youtube_quota_exceeded" time="0.001" /><testcase classname="tests.test_phase3.TestRateLimiter" name="test_parse_gemini_headers" time="0.001" /><testcase classname="tests.test_phase3.TestRateLimiter" name="test_get_status_structure" time="0.001" /><testcase classname="tests.test_phase3.TestRateLimiter" name="test_youtube_api_call_cost" time="0.001" /><testcase classname="tests.test_phase3.TestErrorClassification" name="test_error_class_values" time="0.001" /><testcase classname="tests.test_phase3.TestErrorClassification" name="test_transient_error" time="0.001" /><testcase classname="tests.test_phase3.TestErrorClassification" name="test_permanent_error" time="0.001" /><testcase classname="tests.test_phase3.TestErrorClassification" name="test_content_error" time="0.001" /><testcase classname="tests.test_phase3.TestErrorClassification" name="test_pipeline_error_repr" time="0.001" /><testcase classname="tests.test_phase3.TestErrorClassification" name="test_pipeline_error_wraps_original" time="0.001" /><testcase classname="tests.test_phase3.TestErrorClassification" name="test_classify_timeout" time="0.001" /><testcase classname="tests.test_phase3.TestErrorClassification" name="test_classify_connection_error" time="0.001" /><testcase classname="tests.test_phase3.TestErrorClassification" name="test_classify_rate_limit" time="0.001" /><testcase classname="tests.test_phase3.TestErrorClassification" name="test_classify_server_unavailable" time="0.001" /><testcase classname="tests.test_phase3.TestErrorClassification" name="test_classify_invalid_credentials" time="0.001" /><testcase classname="tests.test_phase3.TestErrorClassification" name="test_classify_quota_exceeded" time="0.001" /><testcase classname="tests.test_phase3.TestErrorClassification" name="test_classify_permission_denied" time="0.001" /><testcase classname="tests.test_phase3.TestErrorClassification" name="test_classify_safety_filter" time="0.000" /><testcase classname="tests.test_phase3.TestErrorClassification" name="test_classify_missing_fields" time="0.001" /><testcase classname="tests.test_phase3.TestErrorClassification" name="test_classify_script_too_short" time="0.001" /><testcase classname="tests.test_phase3.TestErrorClassification" name="test_classify_already_classified" time="0.001" /><testcase classname="tests.test_phase3.TestErrorClassification" name="test_classify_preserves_step" time="0.001" /><testcase classname="tests.test_phase3.TestErrorClassification" name="test_classify_unknown_defaults_transient" time="0.001" /><testcase classname="tests.test_phase3.TestErrorClassification" name="test_is_retryable_transient" time="0.001" /><testcase classname="tests.test_phase3.TestErrorClassification" name="test_is_not_retryable_permanent" time="0.001" /><testcase classname="tests.test_phase3.TestErrorClassification" name="test_is_not_retryable_content" time="0.001" /><testcase classname="tests.test_phase3.TestErrorClassification" name="test_is_retryable_unclassified_timeout" time="0.001" /><testcase classname="tests.test_phase3.TestErrorClassification" name="test_is_not_retryable_unclassified_quota" time="0.001" /><testcase classname="tests.test_phase4.TestUploadResult" name="test_success_result" time="0.001" /><testcase classname="tests.test_phase4.TestUploadResult" name="test_failure_result" time="0.001" /><testcase classname="tests.test_phase4.TestUploadResult" name="test_frozen" time="0.001" /><testcase classname="tests.test_phase4.TestRegistry" name="test_register_uploader_adds_to_registry" time="0.002" /><testcase classname="tests.test_phase4.TestRegistry" name="test_get_uploaders_returns_configured_only" time="0.001" /><testcase classname="tests.test_phase4.TestRegistry" name="test_get_uploaders_unknown_target_skipped" time="0.001" /><testcase classname="tests.test_phase4.TestRegistry" name="test_get_uploaders_empty_targets" time="0.001" /><testcase classname="tests.test_phase4.TestRegistry" name="test_get_uploaders_default_youtube" time="0.001" /><testcase classname="tests.test_phase4.TestYouTubeUploader" name="test_name" time="0.001" /><testcase classname="tests.test_phase4.TestYouTubeUploader" name="test_is_configured_true" time="0.001" /><testcase classname="tests.test_phase4.TestYouTubeUploader" name="test_is_configured_false_no_token" time="0.001" /><testcase classname="tests.test_phase4.TestYouTubeUploader" name="test_upload_success" time="0.001" /><testcase classname="tests.test_phase4.TestYouTubeUploader" name="test_upload_returns_none" time="0.001" /><testcase classname="tests.test_phase4.TestYouTubeUploader" name="test_upload_exception_caught" time="0.001" /><testcase classname="tests.test_phase44_46.TestListThemes" name="test_returns_list" time="0.004" /><testcase classname="tests.test_phase44_46.TestListThemes" name="test_includes_bundled_themes" time="0.001" /><testcase classname="tests.test_phase44_46.TestListThemes" name="test_sorted_alphabetically" time="0.001" /><testcase classname="tests.test_phase44_46.TestLoadTheme" name="test_loads_github_dark" time="0.002" /><testcase classname="tests.test_phase44_46.TestLoadTheme" name="test_loads_monokai" time="0.001" /><testcase classname="tests.test_phase44_46.TestLoadTheme" name="test_loads_dracula" time="0.001" /><testcase classname="tests.test_phase44_46.TestLoadTheme" name="test_fallback_on_unknown_theme" time="0.004" /><testcase classname="tests.test_phase44_46.TestLoadTheme" name="test_has_required_color_keys" time="0.001" /><testcase classname="tests.test_phase44_46.TestLoadTheme" name="test_has_syntax_sub_dict" time="0.001" /><testcase classname="tests.test_phase44_46.TestLoadTheme" name="test_loads_from_custom_json" time="0.006" /><testcase classname="tests.test_phase44_46.TestGetActiveTheme" name="test_default_is_github_dark" time="0.001" /><testcase classname="tests.test_phase44_46.TestGetActiveTheme" name="test_respects_active_theme_env" time="0.001" /><testcase classname="tests.test_phase44_46.TestGetActiveTheme" name="test_auto_rotate_uses_rotation_list" time="0.001" /><testcase classname="tests.test_phase44_46.TestBuildSyntaxColors" name="test_returns_token_dict" time="0.001" /><testcase classname="tests.test_phase44_46.TestBuildSyntaxColors" name="test_values_are_hex_strings" time="0.001" /><testcase classname="tests.test_phase44_46.TestBuildSyntaxColors" name="test_fallback_to_default_key" time="0.001" /><testcase classname="tests.test_phase44_46.TestBuildSyntaxColors" name="test_github_dark_keyword_color" time="0.001" /><testcase classname="tests.test_phase44_46.TestBuildSyntaxColors" name="test_monokai_keyword_color" time="0.001" /><testcase classname="tests.test_phase44_46.TestPatchConfig" name="test_patches_bg_gradient" time="0.002" /><testcase classname="tests.test_phase44_46.TestPatchConfig" name="test_patches_accent_colors" time="0.002" /><testcase classname="tests.test_phase44_46.TestPatchConfig" name="test_does_not_patch_font_sizes" time="0.002" /><testcase classname="tests.test_phase44_46.TestPatchConfig" name="test_patch_is_idempotent" time="0.001" /><testcase classname="tests.test_phase44_46.TestPatchConfig" name="test_does_not_raise_on_partial_theme" time="0.001" /><testcase classname="tests.test_phase44_46.TestGenerateThumbnail" name="test_creates_png_file" time="0.165" /><testcase classname="tests.test_phase44_46.TestGenerateThumbnail" name="test_returns_path_object" time="0.087" /><testcase classname="tests.test_phase44_46.TestGenerateThumbnail" name="test_correct_dimensions" time="0.131" /><testcase classname="tests.test_phase44_46.TestGenerateThumbnail" name="test_default_output_path" time="0.076" /><testcase classname="tests.test_phase44_46.TestGenerateThumbnail" name="test_works_without_known_language" time="0.105" /><testcase classname="tests.test_phase44_46.TestGenerateThumbnail" name="test_strips_shorts_hashtag_from_title" time="0.079" /><testcase classname="tests.test_phase44_46.TestUploadThumbnail" name="test_calls_thumbnails_set" time="0.135" /><testcase classname="tests.test_phase44_46.TestUploadThumbnail" name="test_returns_false_on_error" time="0.002" /><testcase classname="tests.test_phase44_46.TestThumbnailStep" name="test_skipped_when_disabled" time="0.001" /><testcase classname="tests.test_phase44_46.TestThumbnailStep" name="test_runs_when_enabled" time="0.004" /><testcase classname="tests.test_phase44_46.TestThumbnailStep" name="test_never_raises" time="0.001" /><testcase classname="tests.test_phase44_46.TestRendererUsesTheme" name="test_renderer_init_sets_syntax_colors" time="0.006" /><testcase classname="tests.test_phase45.TestRegistryBasics" name="test_register_and_fire" time="0.001" /><testcase classname="tests.test_phase45.TestRegistryBasics" name="test_decorator_registration" time="0.002" /><testcase classname="tests.test_phase45.TestRegistryBasics" name="test_unknown_hook_raises" time="0.001" /><testcase classname="tests.test_phase45.TestRegistryBasics" name="test_unknown_hook_decorator_raises" time="0.001" /><testcase classname="tests.test_phase45.TestRegistryBasics" name="test_multiple_handlers_same_event" time="0.002" /><testcase classname="tests.test_phase45.TestRegistryBasics" name="test_fire_returns_results" time="0.001" /><testcase classname="tests.test_phase45.TestRegistryBasics" name="test_fire_no_handlers_returns_empty" time="0.001" /><testcase classname="tests.test_phase45.TestRegistryBasics" name="test_handler_exception_isolated" time="0.004" /><testcase classname="tests.test_phase45.TestRegistryBasics" name="test_clear" time="0.001" /><testcase classname="tests.test_phase45.TestRegistryBasics" name="test_stats" time="0.001" /><testcase classname="tests.test_phase45.TestRegistryBasics" name="test_repr" time="0.001" /><testcase classname="tests.test_phase45.TestRegistryHookNames" name="test_hook_names_count" time="0.001" /><testcase classname="tests.test_phase45.TestRegistryHookNames" name="test_expected_hooks_present" time="0.001" /><testcase classname="tests.test_phase45.TestDiscovery" name="test_discover_builtin_loads_modules" time="0.002" /><testcase classname="tests.test_phase45.TestDiscovery" name="test_discover_builtin_idempotent" time="0.001" /><testcase classname="tests.test_phase45.TestDiscovery" name="test_discover_registers_handlers" time="0.001" /><testcase classname="tests.test_phase45.TestDiscovery" name="test_load_from_env_empty" time="0.002" /><testcase classname="tests.test_phase45.TestDiscovery" name="test_load_from_env_bad_module" time="0.004" /><testcase classname="tests.test_phase45.TestDiscovery" name="test_load_from_env_valid_module" time="0.002" /><testcase classname="tests.test_phase45.TestInitPlugins" name="test_init_plugins_calls_discover_and_load" time="0.001" /><testcase classname="tests.test_phase45.TestEventLoggerPlugin" name="test_write_event_creates_file" time="0.021" /><testcase classname="tests.test_phase45.TestEventLoggerPlugin" name="test_all_handlers_write" time="0.022" /><testcase classname="tests.test_phase45.TestEventLoggerPlugin" name="test_write_failure_returns_false" time="0.005" /><testcase classname="tests.test_phase45.TestMainHookWiring" name="test_plugin_registry_imported" time="0.001" /><testcase classname="tests.test_phase45.TestMainHookWiring" name="test_plugin_registry_is_not_none" time="0.001" /><testcase classname="tests.test_phase45.TestMainHookWiring" name="test_on_content_generated_hook_in_source" time="0.007" /><testcase classname="tests.test_phase45.TestMainHookWiring" name="test_on_video_rendered_hook_in_source" time="0.008" /><testcase classname="tests.test_phase45.TestMainHookWiring" name="test_on_uploaded_hook_in_source" time="0.009" /><testcase classname="tests.test_phase45.TestMainHookWiring" name="test_on_pipeline_complete_hook_in_source" time="0.007" /><testcase classname="tests.test_phase45.TestMainHookWiring" name="test_on_error_hook_in_source" time="0.007" /><testcase classname="tests.test_phase45.TestMainHookWiring" name="test_fire_called_with_correct_event" time="0.001" /><testcase classname="tests.test_phase61.TestIsCodingRelevant" name="test_python_keyword" time="0.003" /><testcase classname="tests.test_phase61.TestIsCodingRelevant" name="test_javascript_keyword" time="0.001" /><testcase classname="tests.test_phase61.TestIsCodingRelevant" name="test_coding_keyword" time="0.001" /><testcase classname="tests.test_phase61.TestIsCodingRelevant" name="test_non_coding_returns_false" time="0.001" /><testcase classname="tests.test_phase61.TestIsCodingRelevant" name="test_empty_string_returns_false" time="0.001" /><testcase classname="tests.test_phase61.TestIsCodingRelevant" name="test_case_insensitive" time="0.001" /><testcase classname="tests.test_phase61.TestCleanTitle" name="test_removes_pipe_suffix" time="0.001" /><testcase classname="tests.test_phase61.TestCleanTitle" name="test_removes_bracket_suffix" time="0.001" /><testcase classname="tests.test_phase61.TestCleanTitle" name="test_removes_paren_suffix" time="0.001" /><testcase classname="tests.test_phase61.TestCleanTitle" name="test_plain_title_unchanged" time="0.001" /><testcase classname="tests.test_phase61.TestCleanTitle" name="test_trailing_dash_stripped" time="0.001" /><testcase classname="tests.test_phase61.TestGetGoogleTrends" name="test_returns_empty_when_pytrends_not_installed" time="0.001" /><testcase classname="tests.test_phase61.TestGetGoogleTrends" name="test_returns_empty_on_network_error" time="0.001" /><testcase classname="tests.test_phase61.TestGetGoogleTrends" name="test_filters_non_coding_related_queries" time="0.003" /><testcase classname="tests.test_phase61.TestGetGoogleTrends" name="test_respects_max_topics_limit" time="0.002" /><testcase classname="tests.test_phase61.TestGetYoutubeTrending" name="test_returns_empty_without_api_key" time="0.001" /><testcase classname="tests.test_phase61.TestGetYoutubeTrending" name="test_returns_filtered_coding_titles" time="0.026" /><testcase classname="tests.test_phase61.TestGetYoutubeTrending" name="test_respects_max_topics_limit" time="0.002" /><testcase classname="tests.test_phase61.TestGetYoutubeTrending" name="test_returns_empty_on_api_error" time="0.001" /><testcase classname="tests.test_phase61.TestGetTrendingTopics" name="test_returns_list" time="0.001" /><testcase classname="tests.test_phase61.TestGetTrendingTopics" name="test_combines_both_sources" time="0.001" /><testcase classname="tests.test_phase61.TestGetTrendingTopics" name="test_deduplicates_identical_topics" time="0.001" /><testcase classname="tests.test_phase61.TestGetTrendingTopics" name="test_respects_max_total" time="0.001" /><testcase classname="tests.test_phase61.TestGetTrendingTopics" name="test_returns_empty_when_both_fail" time="0.001" /><testcase classname="tests.test_phase61.TestGetTrendingTopics" name="test_never_raises" time="0.001" /><testcase classname="tests.test_phase61.TestTrendingInjectionInLLM" name="test_trending_disabled_by_default" time="15.008" /><testcase classname="tests.test_phase61.TestTrendingInjectionInLLM" name="test_trending_enabled_injects_hint" time="15.005" /><testcase classname="tests.test_phase61.TestTrendingInjectionInLLM" name="test_trending_enabled_empty_topics_no_hint" time="15.006" /><testcase classname="tests.test_phase61.TestTrendingInjectionInLLM" name="test_trending_fetch_exception_does_not_break_pipeline" time="15.004" /><testcase classname="tests.test_phase62.TestFetchVideoMetrics" name="test_returns_views_and_likes" time="0.019" /><testcase classname="tests.test_phase62.TestFetchVideoMetrics" name="test_data_api_failure_returns_zero_views" time="0.001" /><testcase classname="tests.test_phase62.TestFetchVideoMetrics" name="test_empty_items_returns_zero_views" time="0.002" /><testcase classname="tests.test_phase62.TestFetchVideoMetrics" name="test_analytics_api_returns_avd_and_ctr" time="0.004" /><testcase classname="tests.test_phase62.TestFetchVideoMetrics" name="test_analytics_api_failure_does_not_affect_views" time="0.002" /><testcase classname="tests.test_phase62.TestFetchVideoMetrics" name="test_no_channel_id_skips_analytics_api" time="0.002" /><testcase classname="tests.test_phase62.TestFetchVideoMetrics" name="test_result_always_has_fetched_at" time="0.001" /><testcase classname="tests.test_phase62.TestStoreVideoMetrics" name="test_updates_existing_doc" time="0.002" /><testcase classname="tests.test_phase62.TestStoreVideoMetrics" name="test_returns_false_when_doc_not_found" time="0.001" /><testcase classname="tests.test_phase62.TestStoreVideoMetrics" name="test_returns_false_on_db_error" time="0.001" /><testcase classname="tests.test_phase62.TestFetchAndStoreRecent" name="test_updates_eligible_videos" time="0.002" /><testcase classname="tests.test_phase62.TestFetchAndStoreRecent" name="test_skips_docs_without_youtube_id" time="0.001" /><testcase classname="tests.test_phase62.TestFetchAndStoreRecent" name="test_counts_failed_when_store_returns_false" time="0.001" /><testcase classname="tests.test_phase62.TestFetchAndStoreRecent" name="test_handles_db_query_failure_gracefully" time="0.001" /><testcase classname="tests.test_phase62.TestFetchAndStoreRecent" name="test_returns_correct_summary_keys" time="0.001" /><testcase classname="tests.test_phase62.TestGetBestContentType" name="test_returns_winner_from_aggregation" time="0.001" /><testcase classname="tests.test_phase62.TestGetBestContentType" name="test_returns_none_when_no_data" time="0.001" /><testcase classname="tests.test_phase62.TestGetBestContentType" name="test_returns_none_on_db_error" time="0.001" /><testcase classname="tests.test_phase62.TestGetBestLanguage" name="test_returns_winner_from_aggregation" time="0.001" /><testcase classname="tests.test_phase62.TestGetBestLanguage" name="test_returns_none_when_empty" time="0.001" /><testcase classname="tests.test_phase62.TestGetBestLanguage" name="test_returns_none_on_exception" time="0.001" /><testcase classname="tests.test_phase62.TestGetYtMetricsSummary" name="test_returns_empty_defaults_when_no_data" time="0.001" /><testcase classname="tests.test_phase62.TestGetYtMetricsSummary" name="test_returns_aggregated_stats" time="0.002" /><testcase classname="tests.test_phase62.TestGetYtMetricsSummary" name="test_top_videos_list_populated" time="0.002" /><testcase classname="tests.test_phase62.TestGetYtMetricsSummary" name="test_returns_empty_on_db_exception" time="0.002" /><testcase classname="tests.test_phase62.TestAnalyticsReportYtSection" name="test_report_includes_yt_section_header" time="0.004" /><testcase classname="tests.test_phase62.TestAnalyticsReportYtSection" name="test_report_shows_no_data_hint_when_empty" time="0.002" /><testcase classname="tests.test_phase62.TestAnalyticsReportYtSection" name="test_report_shows_metrics_when_data_available" time="0.002" /><testcase classname="tests.test_phase62.TestAnalyticsHintInLLM" name="test_analytics_disabled_does_not_inject_hint" time="15.004" /><testcase classname="tests.test_phase62.TestAnalyticsHintInLLM" name="test_analytics_enabled_with_data_injects_hint" time="15.004" /><testcase classname="tests.test_phase62.TestAnalyticsHintInLLM" name="test_analytics_exception_does_not_break_pipeline" time="15.006" /><testcase classname="tests.test_phase62.TestFetchMetricsPipeline" name="test_returns_0_on_success" time="0.004" /><testcase classname="tests.test_phase62.TestFetchMetricsPipeline" name="test_returns_1_when_some_failed" time="0.001" /><testcase classname="tests.test_phase62.TestFetchMetricsPipeline" name="test_returns_1_when_no_mongodb_uri" time="0.002" /><testcase classname="tests.test_phase62.TestFetchMetricsPipeline" name="test_returns_1_when_no_refresh_token" time="0.002" /><testcase classname="tests.test_phase62.TestConfigPhase62" name="test_enable_yt_analytics_default_off" time="0.017" /><testcase classname="tests.test_phase62.TestConfigPhase62" name="test_youtube_channel_id_default_empty" time="0.006" /><testcase classname="tests.test_phase63.TestConfigPhase63" name="test_content_language_default_is_en" time="0.006" /><testcase classname="tests.test_phase63.TestConfigPhase63" name="test_content_language_env_override" time="0.006" /><testcase classname="tests.test_phase63.TestConfigPhase63" name="test_tts_voice_id_default" time="0.006" /><testcase classname="tests.test_phase63.TestConfigPhase63" name="test_tts_voice_id_env_override" time="0.007" /><testcase classname="tests.test_phase63.TestTtsVoiceSelection" name="test_en_language_uses_en_voice" time="0.033" /><testcase classname="tests.test_phase63.TestTtsVoiceSelection" name="test_id_language_uses_id_voice" time="0.005" /><testcase classname="tests.test_phase63.TestTtsVoiceSelection" name="test_explicit_voice_overrides_language_setting" time="0.004" /><testcase classname="tests.test_phase63.TestTtsVoiceSelection" name="test_ardi_voice_variant_works" time="0.005" /><testcase classname="tests.test_phase63.TestNarrationLangHintInLLM" name="test_no_hint_when_language_is_en" time="15.005" /><testcase classname="tests.test_phase63.TestNarrationLangHintInLLM" name="test_hint_injected_when_language_is_id" time="15.004" /><testcase classname="tests.test_phase63.TestNarrationLangHintInLLM" name="test_id_hint_includes_example_phrases" time="15.004" /><testcase classname="tests.test_phase63.TestNarrationLangHintInLLM" name="test_id_hint_instructs_code_stays_in_english" time="15.006" /><testcase classname="tests.test_phase63.TestNarrationLangHintInLLM" name="test_hint_does_not_appear_for_unknown_language" time="15.006" /><testcase classname="tests.test_phase63.TestNarrationLangHintInLLM" name="test_en_content_has_normal_prompt_structure" time="15.004" /><testcase classname="tests.test_phase63.TestNarrationLangHintInLLM" name="test_id_content_has_normal_prompt_structure" time="15.004" /><testcase classname="tests.test_phase63.TestContentLanguageIntegration" name="test_id_language_affects_both_tts_voice_and_prompt" time="15.008" /><testcase classname="tests.test_phase64.TestMakeSeriesId" name="test_slugifies_theme" time="0.015" /><testcase classname="tests.test_phase64.TestMakeSeriesId" name="test_includes_date_segment" time="0.001" /><testcase classname="tests.test_phase64.TestMakeSeriesId" name="test_special_chars_slugified" time="0.001" /><testcase classname="tests.test_phase64.TestMakeSeriesId" name="test_lowercase_output" time="0.001" /><testcase classname="tests.test_phase64.TestPlanSeries" name="test_returns_correct_episode_count" time="0.008" /><testcase classname="tests.test_phase64.TestPlanSeries" name="test_each_episode_has_required_keys" time="0.002" /><testcase classname="tests.test_phase64.TestPlanSeries" name="test_invalid_content_type_falls_back_to_tip" time="0.002" /><testcase classname="tests.test_phase64.TestPlanSeries" name="test_requires_gemini_api_key" time="0.001" /><testcase classname="tests.test_phase64.TestPlanSeries" name="test_caps_episodes_at_20" time="0.002" /><testcase classname="tests.test_phase64.TestPlanSeries" name="test_fills_missing_episodes_with_defaults" time="0.001" /><testcase classname="tests.test_phase64.TestPlanSeries" name="test_retries_on_exception" time="0.002" /><testcase classname="tests.test_phase64.TestSeriesHintInLLM" name="test_no_hint_without_series_context" time="15.004" /><testcase classname="tests.test_phase64.TestSeriesHintInLLM" name="test_hint_injected_with_series_context" time="15.004" /><testcase classname="tests.test_phase64.TestSeriesHintInLLM" name="test_hint_contains_episode_info" time="15.004" /><testcase classname="tests.test_phase64.TestSeriesHintInLLM" name="test_hint_contains_suggested_topic" time="15.017" /><testcase classname="tests.test_phase64.TestSeriesHintInLLM" name="test_hint_contains_language_and_type" time="15.011" /><testcase classname="tests.test_phase64.TestSeriesHintInLLM" name="test_series_context_exception_does_not_break_pipeline" time="15.003" /><testcase classname="tests.test_phase64.TestDbSeriesFields" name="test_series_fields_stored_when_provided" time="0.769" /><testcase classname="tests.test_phase64.TestDbSeriesFields" name="test_series_fields_none_without_data" time="0.001" /><testcase classname="tests.test_phase64.TestFrameRendererSeriesBadge" name="test_series_part_stored_on_init" time="0.001" /><testcase classname="tests.test_phase64.TestFrameRendererSeriesBadge" name="test_default_series_part_is_zero" time="0.002" /><testcase classname="tests.test_phase64.TestFrameRendererSeriesBadge" name="test_series_part_passthrough_in_create_video_signature" time="0.001" /><testcase classname="tests.test_phase64.TestSeriesPipeline" name="test_returns_zero_without_gemini_key" time="0.002" /><testcase classname="tests.test_phase64.TestSeriesPipeline" name="test_returns_zero_without_mongodb" time="0.001" /><testcase classname="tests.test_phase64.TestSeriesPipeline" name="test_returns_queued_count_on_success" time="0.003" /><testcase classname="tests.test_phase64.TestSeriesPipeline" name="test_skips_unsafe_episode" time="0.002" /><testcase classname="tests.test_phase64.TestSeriesPipeline" name="test_series_context_passed_to_generate_content" time="0.003" /><testcase classname="tests.test_phase64.TestSeriesPipeline" name="test_series_part_passed_to_create_video" time="0.002" /><testcase classname="tests.test_phase64.TestSeriesPipeline" name="test_plan_series_failure_returns_zero" time="0.001" /><testcase classname="tests.test_phase64.TestSeriesCLI" name="test_series_theme_parsed_from_argv" time="0.001" /><testcase classname="tests.test_phase64.TestSeriesCLI" name="test_episodes_parsed_from_argv" time="0.001" /><testcase classname="tests.test_phase64.TestSeriesCLI" name="test_missing_episodes_defaults_to_5" time="0.001" /><testcase classname="tests.test_phase64.TestSeriesCLI" name="test_series_flag_detected_in_argv" time="0.000" /><testcase classname="tests.test_phase64.TestSeriesCLI" name="test_series_pipeline_called_with_correct_args" time="0.001" /><testcase classname="tests.test_phase65_67.TestResolvePromptVariant" name="test_variant_a_explicit" time="0.003" /><testcase classname="tests.test_phase65_67.TestResolvePromptVariant" name="test_variant_b_explicit" time="0.003" /><testcase classname="tests.test_phase65_67.TestResolvePromptVariant" name="test_variant_auto_odd_day" time="0.003" /><testcase classname="tests.test_phase65_67.TestResolvePromptVariant" name="test_variant_auto_even_day" time="0.002" /><testcase classname="tests.test_phase65_67.TestResolvePromptVariant" name="test_variant_invalid_defaults_to_a" time="0.002" /><testcase classname="tests.test_phase65_67.TestResolvePromptVariant" name="test_variant_case_insensitive" time="0.002" /><testcase classname="tests.test_phase65_67.TestGetSystemPrompt" name="test_variant_a" time="0.001" /><testcase classname="tests.test_phase65_67.TestGetSystemPrompt" name="test_variant_b" time="0.001" /><testcase classname="tests.test_phase65_67.TestGetSystemPrompt" name="test_variant_b_content_differs" time="0.001" /><testcase classname="tests.test_phase65_67.TestSystemPromptB" name="test_prompt_b_exists_and_non_empty" time="0.001" /><testcase classname="tests.test_phase65_67.TestSystemPromptB" name="test_prompt_b_mentions_json" time="0.003" /><testcase classname="tests.test_phase65_67.TestResolveTone" name="test_explicit_tones[energetic]" time="0.006" /><testcase classname="tests.test_phase65_67.TestResolveTone" name="test_explicit_tones[calm]" time="0.002" /><testcase classname="tests.test_phase65_67.TestResolveTone" name="test_explicit_tones[curious]" time="0.003" /><testcase classname="tests.test_phase65_67.TestResolveTone" name="test_explicit_tones[dramatic]" time="0.003" /><testcase classname="tests.test_phase65_67.TestResolveTone" name="test_auto_rotation" time="0.003" /><testcase classname="tests.test_phase65_67.TestResolveTone" name="test_auto_different_days_different_tones" time="0.003" /><testcase classname="tests.test_phase65_67.TestResolveTone" name="test_invalid_tone_defaults_to_energetic" time="0.003" /><testcase classname="tests.test_phase65_67.TestResolveTone" name="test_case_insensitive" time="0.003" /><testcase classname="tests.test_phase65_67.TestGetToneHint" name="test_returns_block_with_marker" time="0.001" /><testcase classname="tests.test_phase65_67.TestGetToneHint" name="test_contains_instruction" time="0.001" /><testcase classname="tests.test_phase65_67.TestGetToneHint" name="test_fallback_for_unknown" time="0.001" /><testcase classname="tests.test_phase65_67.TestGetToneHint" name="test_all_tones_produce_output[energetic]" time="0.001" /><testcase classname="tests.test_phase65_67.TestGetToneHint" name="test_all_tones_produce_output[calm]" time="0.001" /><testcase classname="tests.test_phase65_67.TestGetToneHint" name="test_all_tones_produce_output[curious]" time="0.001" /><testcase classname="tests.test_phase65_67.TestGetToneHint" name="test_all_tones_produce_output[dramatic]" time="0.001" /><testcase classname="tests.test_phase65_67.TestToneInstructions" name="test_has_four_tones" time="0.001" /><testcase classname="tests.test_phase65_67.TestToneInstructions" name="test_all_instructions_non_empty" time="0.001" /><testcase classname="tests.test_phase65_67.TestLoadTemplates" name="test_loads_from_real_dir" time="0.008" /><testcase classname="tests.test_phase65_67.TestLoadTemplates" name="test_caching" time="0.002" /><testcase classname="tests.test_phase65_67.TestLoadTemplates" name="test_empty_dir" time="0.005" /><testcase classname="tests.test_phase65_67.TestLoadTemplates" name="test_missing_dir" time="0.002" /><testcase classname="tests.test_phase65_67.TestLoadTemplates" name="test_malformed_json_skipped" time="0.009" /><testcase classname="tests.test_phase65_67.TestPickTemplate" name="test_returns_dict_or_none" time="0.002" /><testcase classname="tests.test_phase65_67.TestPickTemplate" name="test_probability_roughly_30_percent" time="0.002" /><testcase classname="tests.test_phase65_67.TestPickTemplate" name="test_avoids_languages" time="0.002" /><testcase classname="tests.test_phase65_67.TestPickTemplate" name="test_empty_templates_returns_none" time="0.003" /><testcase classname="tests.test_phase65_67.TestPickTemplate" name="test_recent_types_diversity" time="0.002" /><testcase classname="tests.test_phase65_67.TestBuildTemplateHint" name="test_contains_marker" time="0.001" /><testcase classname="tests.test_phase65_67.TestBuildTemplateHint" name="test_includes_fields" time="0.001" /><testcase classname="tests.test_phase65_67.TestBuildTemplateHint" name="test_missing_fields_graceful" time="0.001" /><testcase classname="tests.test_phase65_67.TestBuildTemplateHint" name="test_no_copy_warning" time="0.000" /><testcase classname="tests.test_phase65_67.TestTemplateFiles" name="test_json_file_valid[python_tips.json-20]" time="0.001" /><testcase classname="tests.test_phase65_67.TestTemplateFiles" name="test_json_file_valid[js_patterns.json-20]" time="0.001" /><testcase classname="tests.test_phase65_67.TestTemplateFiles" name="test_json_file_valid[git_tricks.json-10]" time="0.001" /><testcase classname="tests.test_phase65_67.TestTemplateFiles" name="test_template_required_fields[python_tips.json]" time="0.001" /><testcase classname="tests.test_phase65_67.TestTemplateFiles" name="test_template_required_fields[js_patterns.json]" time="0.001" /><testcase classname="tests.test_phase65_67.TestTemplateFiles" name="test_template_required_fields[git_tricks.json]" time="0.001" /><testcase classname="tests.test_phase65_67.TestGenerateContentMetadata" name="test_content_has_variant_and_tone" time="0.004" /><testcase classname="tests.test_phase65_67.TestGenerateContentMetadata" name="test_content_has_variant_b" time="0.003" /><testcase classname="tests.test_phase65_67.TestGenerateContentMetadata" name="test_template_used_when_selected" time="0.003" /><testcase classname="tests.test_phase65_67.TestGenerateContentMetadata" name="test_no_template_used_key_when_none" time="0.004" /><testcase classname="tests.test_phase65_67.TestDBSaveNewFields" name="test_record_has_new_fields" time="0.001" /><testcase classname="tests.test_phase65_67.TestDBSaveNewFields" name="test_record_none_when_not_provided" time="0.001" /><testcase classname="tests.test_phase65_67.TestAnalyticsABSection" name="test_report_contains_ab_section_header" time="10.342" /><testcase classname="tests.test_phase65_67.TestAnalyticsABSection" name="test_report_with_no_ab_data" time="10.422" /><testcase classname="tests.test_phase65_67.TestConfigNewVars" name="test_prompt_variant_default" time="0.003" /><testcase classname="tests.test_phase65_67.TestConfigNewVars" name="test_narrator_tone_default" time="0.003" /><testcase classname="tests.test_phase65_67.TestConfigNewVars" name="test_prompt_variant_env" time="0.002" /><testcase classname="tests.test_phase65_67.TestConfigNewVars" name="test_narrator_tone_env" time="0.003" /><testcase classname="tests.test_phase65_67.TestWorkflowEnvVars" name="test_workflow_has_prompt_variant" time="0.633" /><testcase classname="tests.test_phase65_67.TestWorkflowEnvVars" name="test_workflow_has_narrator_tone" time="0.001" /><testcase classname="tests.test_phase7.TestSEODescription" name="test_basic_generation" time="0.006" /><testcase classname="tests.test_phase7.TestSEODescription" name="test_contains_hook" time="0.003" /><testcase classname="tests.test_phase7.TestSEODescription" name="test_contains_bullets" time="0.003" /><testcase classname="tests.test_phase7.TestSEODescription" name="test_contains_channel_url" time="0.002" /><testcase classname="tests.test_phase7.TestSEODescription" name="test_contains_hashtags" time="0.002" /><testcase classname="tests.test_phase7.TestSEODescription" name="test_timestamps_with_duration" time="0.003" /><testcase classname="tests.test_phase7.TestSEODescription" name="test_timestamps_zero_duration" time="0.002" /><testcase classname="tests.test_phase7.TestSEODescription" name="test_quiz_hook" time="0.002" /><testcase classname="tests.test_phase7.TestSEODescription" name="test_before_after_hook" time="0.003" /><testcase classname="tests.test_phase7.TestSEODescription" name="test_cta_lines_present" time="0.002" /><testcase classname="tests.test_phase7.TestSEODescription" name="test_extra_cta_appended" time="0.002" /><testcase classname="tests.test_phase7.TestSEODescription" name="test_max_5000_chars" time="0.002" /><testcase classname="tests.test_phase7.TestSEODescription" name="test_language_in_bullets" time="0.002" /><testcase classname="tests.test_phase7.TestSEODescription" name="test_seo_keywords_present" time="0.002" /><testcase classname="tests.test_phase7.TestSEODescription" name="test_custom_channel_url" time="0.003" /><testcase classname="tests.test_phase7.TestSEOHelpers" name="test_extract_hook_short" time="0.001" /><testcase classname="tests.test_phase7.TestSEOHelpers" name="test_extract_hook_truncates" time="0.001" /><testcase classname="tests.test_phase7.TestSEOHelpers" name="test_build_bullets_tip" time="0.001" /><testcase classname="tests.test_phase7.TestSEOHelpers" name="test_build_bullets_quiz" time="0.001" /><testcase classname="tests.test_phase7.TestSEOHelpers" name="test_build_timestamps_no_duration" time="0.001" /><testcase classname="tests.test_phase7.TestSEOHelpers" name="test_build_timestamps_with_duration" time="0.000" /><testcase classname="tests.test_phase7.TestSEOHelpers" name="test_build_seo_keywords" time="0.000" /><testcase classname="tests.test_phase7.TestAutoPinnedComment" name="test_disabled_by_default" time="0.006" /><testcase classname="tests.test_phase7.TestAutoPinnedComment" name="test_enabled_posts_comment" time="0.009" /><testcase classname="tests.test_phase7.TestAutoPinnedComment" name="test_format_tip_comment" time="0.003" /><testcase classname="tests.test_phase7.TestAutoPinnedComment" name="test_format_quiz_comment" time="0.003" /><testcase classname="tests.test_phase7.TestAutoPinnedComment" name="test_format_before_after_comment" time="0.002" /><testcase classname="tests.test_phase7.TestAutoPinnedComment" name="test_no_video_id" time="0.002" /><testcase classname="tests.test_phase7.TestAutoPinnedComment" name="test_api_error_graceful" time="0.003" /><testcase classname="tests.test_phase7.TestAutoPinnedComment" name="test_default_comment_template" time="0.002" /><testcase classname="tests.test_phase7.TestPlaylistManager" name="test_disabled_by_default" time="0.005" /><testcase classname="tests.test_phase7.TestPlaylistManager" name="test_get_or_create_uses_cache" time="0.003" /><testcase classname="tests.test_phase7.TestPlaylistManager" name="test_get_or_create_finds_existing" time="0.124" /><testcase classname="tests.test_phase7.TestPlaylistManager" name="test_get_or_create_creates_new" time="0.004" /><testcase classname="tests.test_phase7.TestPlaylistManager" name="test_add_to_playlist_success" time="0.001" /><testcase classname="tests.test_phase7.TestPlaylistManager" name="test_add_to_playlist_duplicate_ok" time="0.001" /><testcase classname="tests.test_phase7.TestPlaylistManager" name="test_add_to_playlist_error" time="0.001" /><testcase classname="tests.test_phase7.TestPlaylistManager" name="test_auto_manage_creates_language_playlist" time="0.003" /><testcase classname="tests.test_phase7.TestPlaylistManager" name="test_auto_manage_series_playlist" time="0.003" /><testcase classname="tests.test_phase7.TestPlaylistManager" name="test_no_video_id" time="0.003" /><testcase classname="tests.test_phase7.TestPlaylistManager" name="test_api_403_graceful" time="0.003" /><testcase classname="tests.test_phase7.TestEndScreenCTA" name="test_disabled_by_default" time="0.002" /><testcase classname="tests.test_phase7.TestEndScreenCTA" name="test_enabled_appends_cta" time="0.003" /><testcase classname="tests.test_phase7.TestEndScreenCTA" name="test_skip_if_cta_already_present" time="0.003" /><testcase classname="tests.test_phase7.TestEndScreenCTA" name="test_video_not_found" time="0.004" /><testcase classname="tests.test_phase7.TestEndScreenCTA" name="test_no_video_id" time="0.002" /><testcase classname="tests.test_phase7.TestEndScreenCTA" name="test_api_error_graceful" time="0.003" /><testcase classname="tests.test_phase7.TestGetChannelHandle" name="test_from_url" time="0.002" /><testcase classname="tests.test_phase7.TestGetChannelHandle" name="test_from_name_fallback" time="0.002" /><testcase classname="tests.test_phase7.TestRunPostUploadActions" name="test_no_video_id_returns_defaults" time="0.002" /><testcase classname="tests.test_phase7.TestRunPostUploadActions" name="test_all_features_called" time="0.004" /><testcase classname="tests.test_phase7.TestRunPostUploadActions" name="test_partial_failure_doesnt_block" time="0.003" /><testcase classname="tests.test_phase7.TestUploadTimeOptimization" name="test_get_best_upload_times_with_data" time="0.001" /><testcase classname="tests.test_phase7.TestUploadTimeOptimization" name="test_get_best_upload_times_no_data" time="0.001" /><testcase classname="tests.test_phase7.TestUploadTimeOptimization" name="test_get_best_upload_times_exception" time="0.001" /><testcase classname="tests.test_phase7.TestUploadTimeOptimization" name="test_optimized_peak_slots_disabled" time="0.003" /><testcase classname="tests.test_phase7.TestUploadTimeOptimization" name="test_optimized_peak_slots_enabled_with_data" time="0.003" /><testcase classname="tests.test_phase7.TestUploadTimeOptimization" name="test_optimized_peak_slots_fallback" time="0.003" /><testcase classname="tests.test_phase7.TestUploadTimeOptimization" name="test_optimized_peak_slots_error_fallback" time="0.002" /><testcase classname="tests.test_phase7.TestGrowthDashboard" name="test_report_generation" time="0.001" /><testcase classname="tests.test_phase7.TestGrowthDashboard" name="test_report_contains_sections" time="0.002" /><testcase classname="tests.test_phase7.TestGrowthDashboard" name="test_report_handles_empty_data" time="0.001" /><testcase classname="tests.test_phase7.TestGrowthDashboard" name="test_report_handles_db_error" time="0.001" /><testcase classname="tests.test_phase7.TestPhase7Config" name="test_channel_url_default" time="0.002" /><testcase classname="tests.test_phase7.TestPhase7Config" name="test_seo_description_default_on" time="0.002" /><testcase classname="tests.test_phase7.TestPhase7Config" name="test_auto_comment_default_off" time="0.002" /><testcase classname="tests.test_phase7.TestPhase7Config" name="test_playlists_default_off" time="0.002" /><testcase classname="tests.test_phase7.TestPhase7Config" name="test_end_screen_default_off" time="0.002" /><testcase classname="tests.test_phase7.TestPhase7Config" name="test_smart_schedule_default_off" time="0.002" /><testcase classname="tests.test_phase7.TestMainSEOIntegration" name="test_seo_description_enabled" time="0.002" /><testcase classname="tests.test_phase7.TestMainSEOIntegration" name="test_seo_description_disabled_fallback" time="0.002" /><testcase classname="tests.test_phase7.TestGrowthPipeline" name="test_growth_pipeline_function" time="0.013" /><testcase classname="tests.test_phase7.TestGrowthPipeline" name="test_growth_pipeline_error" time="0.008" /><testcase classname="tests.test_phase7.TestPhase7EdgeCases" name="test_seo_empty_content" time="0.003" /><testcase classname="tests.test_phase7.TestPhase7EdgeCases" name="test_seo_no_hashtags" time="0.002" /><testcase classname="tests.test_phase7.TestPhase7EdgeCases" name="test_comment_template_channel_url_substitution" time="0.002" /><testcase classname="tests.test_phase7.TestPhase7EdgeCases" name="test_seo_description_separator" time="0.002" /><testcase classname="tests.test_phase7.TestPhase7EdgeCases" name="test_playlist_title_format" time="0.002" /><testcase classname="tests.test_phase7.TestPhase7EdgeCases" name="test_series_title_format" time="0.002" /><testcase classname="tests.test_phase8.TestHealthMonitorCheckStaleQueue" name="test_no_stale_items_returns_zero" time="0.008" /><testcase classname="tests.test_phase8.TestHealthMonitorCheckStaleQueue" name="test_stale_items_detected_and_reset" time="0.002" /><testcase classname="tests.test_phase8.TestHealthMonitorCheckStaleQueue" name="test_custom_stale_hours" time="0.001" /><testcase classname="tests.test_phase8.TestHealthMonitorCheckStaleQueue" name="test_db_failure_handled_gracefully" time="0.001" /><testcase classname="tests.test_phase8.TestHealthMonitorQuotaRecovery" name="test_quota_available" time="0.001" /><testcase classname="tests.test_phase8.TestHealthMonitorQuotaRecovery" name="test_quota_exhausted" time="0.002" /><testcase classname="tests.test_phase8.TestHealthMonitorRunAll" name="test_run_all_checks_combines_results" time="0.001" /><testcase classname="tests.test_phase8.TestHealthMonitorRunAll" name="test_run_all_with_issues" time="0.001" /><testcase classname="tests.test_phase8.TestGeminiFallbackModel" name="test_try_fallback_model_success" time="0.001" /><testcase classname="tests.test_phase8.TestGeminiFallbackModel" name="test_try_fallback_model_no_distinct_fallback" time="0.001" /><testcase classname="tests.test_phase8.TestGeminiFallbackModel" name="test_try_fallback_model_also_fails" time="0.001" /><testcase classname="tests.test_phase8.TestGeminiFallbackModel" name="test_fallback_model_empty_string" time="0.001" /><testcase classname="tests.test_phase8.TestTTSFallback" name="test_gtts_fallback_function" time="0.002" /><testcase classname="tests.test_phase8.TestTTSFallback" name="test_approximate_timestamps_distribution" time="0.004" /><testcase classname="tests.test_phase8.TestTTSFallback" name="test_approximate_timestamps_empty" time="0.001" /><testcase classname="tests.test_phase8.TestTTSFallback" name="test_edge_tts_failure_counter_reset" time="0.002" /><testcase classname="tests.test_phase8.TestTTSFallback" name="test_edge_tts_max_failures_triggers_fallback" time="0.001" /><testcase classname="tests.test_phase8.TestArchiveOldRecords" name="test_no_old_records" time="0.003" /><testcase classname="tests.test_phase8.TestArchiveOldRecords" name="test_archives_old_records" time="0.001" /><testcase classname="tests.test_phase8.TestArchiveOldRecords" name="test_custom_days_parameter" time="0.001" /><testcase classname="tests.test_phase8.TestCleanupFailedRenders" name="test_cleanup_old_files" time="0.006" /><testcase classname="tests.test_phase8.TestCleanupFailedRenders" name="test_cleanup_ignores_non_media_files" time="0.004" /><testcase classname="tests.test_phase8.TestCleanupFailedRenders" name="test_cleanup_empty_output_dir" time="0.003" /><testcase classname="tests.test_phase8.TestCheckStorageUsage" name="test_storage_below_threshold" time="0.001" /><testcase classname="tests.test_phase8.TestCheckStorageUsage" name="test_storage_above_threshold_sends_alert" time="0.001" /><testcase classname="tests.test_phase8.TestCleanupOldLogs" name="test_cleanup_old_logs" time="0.001" /><testcase classname="tests.test_phase8.TestRunMaintenance" name="test_run_maintenance_calls_all" time="0.001" /><testcase classname="tests.test_phase8.TestPipelineLog" name="test_pipeline_log_creation" time="0.002" /><testcase classname="tests.test_phase8.TestPipelineLog" name="test_start_and_end_step" time="0.001" /><testcase classname="tests.test_phase8.TestPipelineLog" name="test_skip_step" time="0.001" /><testcase classname="tests.test_phase8.TestPipelineLog" name="test_multiple_steps" time="0.001" /><testcase classname="tests.test_phase8.TestPipelineLog" name="test_to_dict_format" time="0.001" /><testcase classname="tests.test_phase8.TestPipelineLog" name="test_set_outcome_with_error" time="0.001" /><testcase classname="tests.test_phase8.TestPipelineLog" name="test_error_truncated_to_500_chars" time="0.001" /><testcase classname="tests.test_phase8.TestPipelineLog" name="test_save_to_mongodb" time="0.001" /><testcase classname="tests.test_phase8.TestPipelineLog" name="test_save_only_once" time="0.001" /><testcase classname="tests.test_phase8.TestPipelineLog" name="test_step_duration_measured" time="0.051" /><testcase classname="tests.test_phase8.TestPipelineLog" name="test_valid_statuses" time="0.001" /><testcase classname="tests.test_phase8.TestGetRecentLogs" name="test_get_recent_logs" time="0.002" /><testcase classname="tests.test_phase8.TestGetRecentLogs" name="test_get_recent_logs_db_failure" time="0.001" /><testcase classname="tests.test_phase8.TestPrintLogs" name="test_print_logs_empty" time="0.002" /><testcase classname="tests.test_phase8.TestPrintLogs" name="test_print_logs_with_data" time="0.002" /><testcase classname="tests.test_phase8.TestRunWithTimeout" name="test_function_completes_within_timeout" time="0.002" /><testcase classname="tests.test_phase8.TestRunWithTimeout" name="test_function_returns_complex_result" time="0.001" /><testcase classname="tests.test_phase8.TestRunWithTimeout" name="test_function_timeout_raises_transient_error" time="10.002" /><testcase classname="tests.test_phase8.TestRunWithTimeout" name="test_timeout_error_contains_step_name" time="10.002" /><testcase classname="tests.test_phase8.TestRunWithTimeout" name="test_function_exception_propagated" time="0.001" /><testcase classname="tests.test_phase8.TestConfigTimeouts" name="test_step_timeout_default" time="0.001" /><testcase classname="tests.test_phase8.TestConfigTimeouts" name="test_render_timeout_default" time="0.001" /><testcase classname="tests.test_phase8.TestConfigTimeouts" name="test_step_timeout_from_env" time="0.005" /><testcase classname="tests.test_phase8.TestConfigTimeouts" name="test_render_timeout_from_env" time="0.005" /><testcase classname="tests.test_phase8.TestStagingConfig" name="test_environment_default_production" time="0.001" /><testcase classname="tests.test_phase8.TestStagingConfig" name="test_environment_staging_from_env" time="0.004" /><testcase classname="tests.test_phase8.TestStagingConfig" name="test_gemini_fallback_model_default" time="0.001" /><testcase classname="tests.test_phase8.TestStagingConfig" name="test_archive_days_default" time="0.000" /><testcase classname="tests.test_phase8.TestStagingConfig" name="test_mongo_storage_alert_default" time="0.001" /><testcase classname="tests.test_phase8.TestStagingWatermark" name="test_staging_prefixes_title" time="0.004" /><testcase classname="tests.test_phase8.TestStagingWatermark" name="test_production_no_prefix" time="0.001" /><testcase classname="tests.test_phase8.TestStagingWatermark" name="test_staging_double_prefix_prevention" time="0.004" /><testcase classname="tests.test_phase8.TestCLIFlags" name="test_health_monitor_flag_recognized" time="0.001" /><testcase classname="tests.test_phase8.TestCLIFlags" name="test_maintenance_flag_recognized" time="0.001" /><testcase classname="tests.test_phase8.TestCLIFlags" name="test_logs_flag_recognized" time="0.000" /><testcase classname="tests.test_phase8.TestCLIFlags" name="test_logs_last_parameter_parsing" time="0.000" /><testcase classname="tests.test_phase8.TestCLIFlags" name="test_logs_default_last_value" time="0.000" /><testcase classname="tests.test_phase8.TestPhase8Integration" name="test_imports_dont_crash" time="0.000" /><testcase classname="tests.test_phase8.TestPhase8Integration" name="test_pipeline_logger_in_main_module" time="0.001" /><testcase classname="tests.test_phase8.TestPhase8Integration" name="test_timeout_wrapper_in_main" time="0.000" /><testcase classname="tests.test_phase8.TestPhase8Integration" name="test_health_monitor_module_functions" time="0.000" /><testcase classname="tests.test_phase8.TestPhase8Integration" name="test_db_maintenance_module_functions" time="0.001" /><testcase classname="tests.test_phase8.TestPhase8Integration" name="test_pipeline_logger_module_functions" time="0.000" /><testcase classname="tests.test_phase8.TestPhase8Integration" name="test_config_has_all_phase8_vars" time="0.000" /><testcase classname="tests.test_phase8.TestPhase8Integration" name="test_staging_workflow_file_exists" time="0.001" /><testcase classname="tests.test_phase8.TestPhase8Integration" name="test_generate_yml_has_maintenance_cron" time="0.001" /><testcase classname="tests.test_phase8.TestPhase8Integration" name="test_error_class_used_for_timeout" time="0.000" /><testcase classname="tests.test_phase8.TestPhase8Integration" name="test_tts_fallback_counter_exists" time="0.001" /><testcase classname="tests.test_phase8.TestPhase8Integration" name="test_llm_has_fallback_function" time="0.000" /><testcase classname="tests.test_phase9.TestBgMusicListTracks" name="test_returns_empty_when_dir_missing" time="0.080" /><testcase classname="tests.test_phase9.TestBgMusicListTracks" name="test_returns_mp3_and_ogg_files" time="0.006" /><testcase classname="tests.test_phase9.TestBgMusicListTracks" name="test_returns_wav_files" time="0.004" /><testcase classname="tests.test_phase9.TestBgMusicSelectTrack" name="test_select_from_list" time="0.003" /><testcase classname="tests.test_phase9.TestBgMusicSelectTrack" name="test_returns_none_when_empty" time="0.001" /><testcase classname="tests.test_phase9.TestBgMusicSelectTrack" name="test_avoids_consecutive_repeats" time="0.006" /><testcase classname="tests.test_phase9.TestBgMusicSelectTrack" name="test_fallback_when_all_recent" time="0.004" /><testcase classname="tests.test_phase9.TestBgMusicMix" name="test_returns_original_when_no_tracks" time="0.552" /><testcase classname="tests.test_phase9.TestBgMusicMix" name="test_returns_original_when_track_missing" time="0.003" /><testcase classname="tests.test_phase9.TestBgMusicMix" name="test_default_output_path" time="0.001" /><testcase classname="tests.test_phase9.TestBgMusicMix" name="test_custom_output_path" time="0.001" /><testcase classname="tests.test_phase9.TestBgMusicConfig" name="test_enable_bgmusic_default" time="0.000" /><testcase classname="tests.test_phase9.TestBgMusicConfig" name="test_bgmusic_volume_default" time="0.000" /><testcase classname="tests.test_phase9.TestBgMusicConfig" name="test_music_dir_exists" time="0.001" /><testcase classname="tests.test_phase9.TestCodeKeywordIndex" name="test_keyword_index_built" time="0.080" /><testcase classname="tests.test_phase9.TestCodeKeywordIndex" name="test_keyword_maps_to_correct_line" time="0.039" /><testcase classname="tests.test_phase9.TestCodeKeywordIndex" name="test_short_identifiers_excluded" time="0.041" /><testcase classname="tests.test_phase9.TestCodeKeywordIndex" name="test_empty_code_gives_empty_index" time="0.040" /><testcase classname="tests.test_phase9.TestGetHighlightedLine" name="test_returns_none_when_no_match" time="0.040" /><testcase classname="tests.test_phase9.TestGetHighlightedLine" name="test_returns_line_on_match" time="0.040" /><testcase classname="tests.test_phase9.TestGetHighlightedLine" name="test_returns_none_outside_timestamp" time="0.042" /><testcase classname="tests.test_phase9.TestGetHighlightedLine" name="test_returns_none_for_short_words" time="0.040" /><testcase classname="tests.test_phase9.TestHighlightConfig" name="test_enable_line_highlight_default" time="0.001" /><testcase classname="tests.test_phase9.TestHighlightConfig" name="test_line_highlight_active_color" time="0.001" /><testcase classname="tests.test_phase9.TestGetChannels" name="test_empty_config_no_legacy" time="0.003" /><testcase classname="tests.test_phase9.TestGetChannels" name="test_legacy_single_channel" time="0.001" /><testcase classname="tests.test_phase9.TestGetChannels" name="test_json_multi_channel" time="0.001" /><testcase classname="tests.test_phase9.TestGetChannels" name="test_invalid_json_returns_empty" time="0.001" /><testcase classname="tests.test_phase9.TestGetChannels" name="test_filters_invalid_channels" time="0.001" /><testcase classname="tests.test_phase9.TestChannelConfig" name="test_is_valid_true" time="0.001" /><testcase classname="tests.test_phase9.TestChannelConfig" name="test_is_valid_false_missing_token" time="0.000" /><testcase classname="tests.test_phase9.TestUploadToAllChannels" name="test_returns_empty_when_no_channels" time="0.001" /><testcase classname="tests.test_phase9.TestUploadToAllChannels" name="test_calls_upload_per_channel" time="0.001" /><testcase classname="tests.test_phase9.TestUploadToChannel" name="test_handles_build_service_failure" time="0.001" /><testcase classname="tests.test_phase9.TestMultiChannelConfig" name="test_youtube_channels_default_empty" time="0.001" /><testcase classname="tests.test_phase9.TestDashboardRoutes" name="test_index_route" time="0.212" /><testcase classname="tests.test_phase9.TestDashboardRoutes" name="test_videos_route" time="0.009" /><testcase classname="tests.test_phase9.TestDashboardRoutes" name="test_analytics_route" time="0.007" /><testcase classname="tests.test_phase9.TestDashboardRoutes" name="test_health_route" time="0.007" /><testcase classname="tests.test_phase9.TestDashboardRoutes" name="test_api_stats_route" time="0.002" /><testcase classname="tests.test_phase9.TestDashboardConfig" name="test_dashboard_port_default" time="0.001" /><testcase classname="tests.test_phase9.TestDashboardConfig" name="test_dashboard_secret_key_default" time="0.001" /><testcase classname="tests.test_phase9.TestAIBackgroundPrompt" name="test_python_prompt" time="0.001" /><testcase classname="tests.test_phase9.TestAIBackgroundPrompt" name="test_unknown_language_prompt" time="0.001" /><testcase classname="tests.test_phase9.TestAIBackgroundPrompt" name="test_javascript_prompt" time="0.001" /><testcase classname="tests.test_phase9.TestAIBackgroundCache" name="test_get_cached_bg_returns_none_when_missing" time="0.003" /><testcase classname="tests.test_phase9.TestAIBackgroundCache" name="test_get_cached_bg_returns_path_when_exists" time="0.003" /><testcase classname="tests.test_phase9.TestAIBackgroundCache" name="test_save_bg_cache" time="0.007" /><testcase classname="tests.test_phase9.TestGenerateAIBackground" name="test_returns_none_when_no_api_key" time="0.001" /><testcase classname="tests.test_phase9.TestGenerateAIBackground" name="test_returns_cached_image" time="0.019" /><testcase classname="tests.test_phase9.TestGenerateAIBackground" name="test_returns_none_on_api_failure" time="0.001" /><testcase classname="tests.test_phase9.TestThumbnailStyle" name="test_default_is_pillow" time="0.001" /><testcase classname="tests.test_phase9.TestThumbnailStyle" name="test_stability_api_key_default_empty" time="0.001" /><testcase classname="tests.test_phase9.TestPhase9Integration" name="test_bgmusic_module_importable" time="0.001" /><testcase classname="tests.test_phase9.TestPhase9Integration" name="test_multi_channel_module_importable" time="0.001" /><testcase classname="tests.test_phase9.TestPhase9Integration" name="test_dashboard_app_importable" time="0.000" /><testcase classname="tests.test_phase9.TestPhase9Integration" name="test_renderer_has_highlight_methods" time="0.001" /><testcase classname="tests.test_phase9.TestPhase9Integration" name="test_thumbnail_has_ai_functions" time="0.001" /><testcase classname="tests.test_phase9.TestPhase9Integration" name="test_config_has_all_phase9_vars" time="0.001" /><testcase classname="tests.test_phase9.TestPhase9Integration" name="test_music_dir_path_correct" time="0.001" /><testcase classname="tests.test_phase9.TestPhase9Integration" name="test_assets_music_dir_exists" time="0.001" /><testcase classname="tests.test_phase9.TestPhase9Integration" name="test_auth_youtube_supports_channel_flag" time="0.001" /><testcase classname="tests.test_phase9.TestPhase9Integration" name="test_requirements_has_flask" time="0.001" /><testcase classname="tests.test_phase9.TestPhase9Integration" name="test_requirements_has_requests" time="0.001" /><testcase classname="tests.test_phase9.TestPhase9Integration" name="test_dashboard_templates_exist" time="0.001" /><testcase classname="tests.test_phase9.TestPhase9Integration" name="test_bgmusic_integration_in_main" time="0.002" /><testcase classname="tests.test_renderer.TestEasing" name="test_ease_out_cubic_0" time="0.001" /><testcase classname="tests.test_renderer.TestEasing" name="test_ease_out_cubic_1" time="0.001" /><testcase classname="tests.test_renderer.TestEasing" name="test_ease_out_cubic_clamps_negative" time="0.001" /><testcase classname="tests.test_renderer.TestEasing" name="test_ease_out_cubic_clamps_over" time="0.000" /><testcase classname="tests.test_renderer.TestEasing" name="test_ease_out_cubic_midpoint" time="0.000" /><testcase classname="tests.test_renderer.TestEasing" name="test_ease_in_out_boundaries" time="0.000" /><testcase classname="tests.test_renderer.TestEasing" name="test_ease_in_out_symmetry" time="0.001" /><testcase classname="tests.test_renderer.TestColorUtils" name="test_hex_to_rgb" time="0.001" /><testcase classname="tests.test_renderer.TestColorUtils" name="test_hex_to_rgb_no_hash" time="0.000" /><testcase classname="tests.test_renderer.TestColorUtils" name="test_lerp_color_at_0" time="0.001" /><testcase classname="tests.test_renderer.TestColorUtils" name="test_lerp_color_at_1" time="0.001" /><testcase classname="tests.test_renderer.TestColorUtils" name="test_lerp_color_midpoint" time="0.001" /><testcase classname="tests.test_renderer.TestFrameRendererInit" name="test_gradient_bg_shape" time="0.049" /><testcase classname="tests.test_renderer.TestFrameRendererInit" name="test_gradient_bg_top_bottom_different" time="0.052" /><testcase classname="tests.test_renderer.TestFrameRendererInit" name="test_base_image_size" time="0.040" /><testcase classname="tests.test_renderer.TestFrameRendererInit" name="test_char_data_populated" time="0.041" /><testcase classname="tests.test_renderer.TestFrameRendererInit" name="test_char_data_format" time="0.040" /><testcase classname="tests.test_renderer.TestFrameRendererInit" name="test_total_lines" time="0.041" /><testcase classname="tests.test_renderer.TestFrameRendererInit" name="test_before_after_preview_data" time="0.042" /><testcase classname="tests.test_renderer.TestFrameRendererInit" name="test_output_demo_reveal_time" time="0.042" /><testcase classname="tests.test_renderer.TestFrameRendererInit" name="test_subtitle_groups_created" time="0.040" /><testcase classname="tests.test_renderer.TestFrameRendering" name="test_render_frame_shape" time="0.061" /><testcase classname="tests.test_renderer.TestFrameRendering" name="test_render_outro_frame" time="0.057" /><testcase classname="tests.test_renderer.TestFrameRendering" name="test_render_code_phase_frame" time="0.057" /><testcase classname="tests.test_renderer.TestFrameRendering" name="test_frames_differ_over_time" time="0.080" /><testcase classname="tests.test_renderer.TestFrameRendering" name="test_output_demo_renders" time="0.061" /><testcase classname="tests.test_renderer.TestFrameRendering" name="test_quiz_renders" time="0.061" /><testcase classname="tests.test_renderer.TestFrameRendering" name="test_before_after_renders" time="0.060" /><testcase classname="tests.test_scheduler.TestNextAvailableSlots" name="test_returns_requested_count" time="0.001" /><testcase classname="tests.test_scheduler.TestNextAvailableSlots" name="test_all_slots_in_future" time="0.001" /><testcase classname="tests.test_scheduler.TestNextAvailableSlots" name="test_slots_sorted_ascending" time="0.001" /><testcase classname="tests.test_scheduler.TestNextAvailableSlots" name="test_slots_are_peak_hours" time="0.001" /><testcase classname="tests.test_scheduler.TestNextAvailableSlots" name="test_occupied_slots_are_skipped" time="0.001" /><testcase classname="tests.test_scheduler.TestNextAvailableSlots" name="test_zero_n_returns_empty" time="0.001" /><testcase classname="tests.test_scheduler.TestNextAvailableSlots" name="test_slots_have_zero_seconds" time="0.001" /><testcase classname="tests.test_scheduler.TestSchedulerCrud" name="test_add_stores_correct_fields" time="0.001" /><testcase classname="tests.test_scheduler.TestSchedulerCrud" name="test_add_returns_id_string" time="0.001" /><testcase classname="tests.test_scheduler.TestSchedulerCrud" name="test_get_due_jobs_queries_pending_before_now" time="0.001" /><testcase classname="tests.test_scheduler.TestSchedulerCrud" name="test_get_due_jobs_respects_limit" time="0.001" /><testcase classname="tests.test_scheduler.TestSchedulerCrud" name="test_get_pending_count_queries_future" time="0.001" /><testcase classname="tests.test_scheduler.TestSchedulerCrud" name="test_mark_job_done_sets_status" time="0.001" /><testcase classname="tests.test_scheduler.TestSchedulerCrud" name="test_mark_job_failed_sets_status" time="0.002" /><testcase classname="tests.test_scheduler.TestSchedulerCrud" name="test_mark_job_failed_increments_retry" time="0.001" /><testcase classname="tests.test_scheduler.TestSchedulerCrud" name="test_get_schedule_summary_returns_all_keys" time="0.001" /><testcase classname="tests.test_scheduler.TestBatchPipeline" name="test_batch_queues_one_video" time="0.002" /><testcase classname="tests.test_scheduler.TestBatchPipeline" name="test_batch_uses_correct_slot" time="0.002" /><testcase classname="tests.test_scheduler.TestBatchPipeline" name="test_batch_skips_unsafe_content" time="0.002" /><testcase classname="tests.test_scheduler.TestBatchPipeline" name="test_batch_skips_failed_video" time="0.002" /><testcase classname="tests.test_scheduler.TestUploadQueuePipeline" name="test_uploads_due_job" time="0.010" /><testcase classname="tests.test_scheduler.TestUploadQueuePipeline" name="test_marks_job_done_on_success" time="0.004" /><testcase classname="tests.test_scheduler.TestUploadQueuePipeline" name="test_marks_job_failed_when_all_fail" time="0.005" /><testcase classname="tests.test_scheduler.TestUploadQueuePipeline" name="test_skips_missing_video_file" time="0.023" /><testcase classname="tests.test_scheduler.TestUploadQueuePipeline" name="test_no_due_jobs_returns_zero" time="0.006" /></testsuite></testsuites>